https://nominatim.openstreetmap.org/search?country=argentina&state=san%20luis&city=san%20luis	206
https://nominatim.openstreetmap.org/search?country=argentina&state=san%20luis&city=san%20luis	207
https://nominatim.openstreetmap.org/search?country=argentina&state=san%20luis&city=san%20luis	208
https://nominatim.openstreetmap.org/search?country=argentina&state=san%20luis&city=san%20luis	209
https://nominatim.openstreetmap.org/search?country=argentina&state=san%20luis&city=villa%20mercedes	210
https://nominatim.openstreetmap.org/search?country=argentina&state=san%20luis&city=san%20luis	211
https://nominatim.openstreetmap.org/search?country=argentina&state=san%20luis&city=san%20luis	212
https://nominatim.openstreetmap.org/search?country=argentina&state=san%20luis&city=san%20luis	213
https://nominatim.openstreetmap.org/search?country=argentina&state=san%20luis&city=san%20luis	214
https://nominatim.openstreetmap.org/search?country=argentina&state=san%20luis&city=san%20luis	215
https://nominatim.openstreetmap.org/search?country=argentina&state=san%20luis&city=san%20luis	216
https://nominatim.openstreetmap.org/search?country=argentina&state=san%20luis&city=san%20luis	217
https://nominatim.openstreetmap.org/search?country=argentina&state=san%20luis&city=san%20luis	218
https://nominatim.openstreetmap.org/search?country=argentina&state=san%20luis&city=san%20luis	219
https://nominatim.openstreetmap.org/search?country=argentina&state=san%20luis&city=san%20luis	220
https://nominatim.openstreetmap.org/search?country=argentina&state=san%20luis&city=san%20luis	221
https://nominatim.openstreetmap.org/search?country=argentina&state=san%20luis&city=san%20luis	222
https://nominatim.openstreetmap.org/search?country=argentina&state=san%20luis&city=san%20luis	223
https://nominatim.openstreetmap.org/search?country=argentina&state=san%20luis&city=san%20luis	224
https://nominatim.openstreetmap.org/search?country=argentina&state=san%20luis&city=san%20luis	225
https://nominatim.openstreetmap.org/search?country=argentina&state=san%20luis&city=villa%20mercedes	226
https://nominatim.openstreetmap.org/search?country=argentina&state=san%20luis&city=san%20luis	227
https://nominatim.openstreetmap.org/search?country=argentina&state=san%20luis&city=villa%20mercedes	228
https://nominatim.openstreetmap.org/search?country=argentina&state=san%20luis&city=san%20luis	229
https://nominatim.openstreetmap.org/search?country=argentina&state=san%20luis&city=tilisarao	230
https://nominatim.openstreetmap.org/search?country=argentina&state=san%20luis&city=buena%20esperanza	231
https://nominatim.openstreetmap.org/search?country=argentina&state=san%20luis&city=san%20luis	232
https://nominatim.openstreetmap.org/search?country=argentina&state=san%20luis&city=san%20luis	233
https://nominatim.openstreetmap.org/search?country=argentina&state=san%20luis&city=san%20luis	234
https://nominatim.openstreetmap.org/search?country=argentina&state=san%20luis&city=san%20luis	235
https://nominatim.openstreetmap.org/search?country=argentina&state=san%20luis&city=san%20luis	236
https://nominatim.openstreetmap.org/search?country=argentina&state=san%20luis&city=san%20luis	237
https://nominatim.openstreetmap.org/search?country=argentina&state=san%20luis&city=san%20luis	238
https://nominatim.openstreetmap.org/search?country=argentina&state=san%20luis&city=san%20luis	239
https://nominatim.openstreetmap.org/search?country=argentina&state=san%20luis&city=san%20luis	241
https://nominatim.openstreetmap.org/search?country=argentina&state=san%20luis&city=villa%20mercedes	242
https://nominatim.openstreetmap.org/search?country=argentina&state=san%20luis&city=san%20luis	243
https://nominatim.openstreetmap.org/search?country=argentina&state=san%20luis&city=villa%20mercedes	244
https://nominatim.openstreetmap.org/search?country=argentina&state=san%20luis&city=san%20luis	245
https://nominatim.openstreetmap.org/search?country=argentina&state=san%20luis&city=san%20luis	246
https://nominatim.openstreetmap.org/search?country=argentina&state=san%20luis&city=san%20luis	247
https://nominatim.openstreetmap.org/search?country=argentina&state=san%20luis&city=san%20luis	248
https://nominatim.openstreetmap.org/search?country=argentina&state=mendoza&city=mendoza	249
https://nominatim.openstreetmap.org/search?country=argentina&state=san%20luis&city=san%20luis	250
https://nominatim.openstreetmap.org/search?country=argentina&state=mendoza&city=mendoza	252
https://nominatim.openstreetmap.org/search?country=argentina&state=san%20luis&city=san%20luis	253
https://nominatim.openstreetmap.org/search?country=argentina&state=san%20luis&city=san%20luis	254
https://nominatim.openstreetmap.org/search?country=argentina&state=mendoza&city=mendoza	255
https://nominatim.openstreetmap.org/search?country=argentina&state=cordoba&city=cordoba	256
https://nominatim.openstreetmap.org/search?country=argentina&state=mendoza&city=mendoza	257
https://nominatim.openstreetmap.org/search?country=argentina&state=neuquen&city=neuquen	687
https://nominatim.openstreetmap.org/search?country=argentina&state=mendoza&city=san%20rafael	688
https://nominatim.openstreetmap.org/search?country=argentina&state=mendoza&city=mendoza	690
https://nominatim.openstreetmap.org/search?country=argentina&state=mendoza&city=san%20rafael	692
https://nominatim.openstreetmap.org/search?country=argentina&state=mendoza&city=tunuyan	708
https://nominatim.openstreetmap.org/search?country=argentina&state=mendoza&city=tunuyan	709
https://nominatim.openstreetmap.org/search?country=argentina&state=mendoza&city=san%20martin	716
https://nominatim.openstreetmap.org/search?country=argentina&state=mendoza&city=mendoza	718
https://nominatim.openstreetmap.org/search?country=argentina&state=mendoza&city=mendoza	719
https://nominatim.openstreetmap.org/search?country=argentina&state=mendoza&city=san%20rafael	720
https://nominatim.openstreetmap.org/search?country=argentina&state=mendoza&city=san%20martin	728
https://nominatim.openstreetmap.org/search?country=argentina&state=mendoza&city=san%20rafael	729
https://nominatim.openstreetmap.org/search?country=argentina&state=mendoza&city=tunuyan	731
https://nominatim.openstreetmap.org/search?country=argentina&state=mendoza&city=san%20rafael	736
https://nominatim.openstreetmap.org/search?country=argentina&state=mendoza&city=san%20martin	738
https://nominatim.openstreetmap.org/search?country=argentina&state=mendoza&city=san%20martin	739
https://nominatim.openstreetmap.org/search?country=argentina&state=mendoza&city=san%20martin	740
https://nominatim.openstreetmap.org/search?country=argentina&state=mendoza&city=tunuyan	744
https://nominatim.openstreetmap.org/search?country=argentina&state=mendoza&city=tunuyan	745
https://nominatim.openstreetmap.org/search?country=argentina&state=mendoza&city=san%20rafael	749
https://nominatim.openstreetmap.org/search?country=argentina&state=mendoza&city=san%20martin	750
https://nominatim.openstreetmap.org/search?country=argentina&state=mendoza&city=san%20rafael	753
https://nominatim.openstreetmap.org/search?country=argentina&state=mendoza&city=san%20martin	756
https://nominatim.openstreetmap.org/search?country=argentina&state=chubut&city=comodoro%20rivadavia	761
https://nominatim.openstreetmap.org/search?country=argentina&state=mendoza&city=san%20rafael	762
https://nominatim.openstreetmap.org/search?country=argentina&state=cordoba&city=cordoba	778
https://nominatim.openstreetmap.org/search?country=argentina&state=mendoza&city=general%20alvear	785
https://nominatim.openstreetmap.org/search?country=argentina&state=mendoza&city=san%20rafael	796
https://nominatim.openstreetmap.org/search?country=argentina&state=mendoza&city=tunuyan	805
https://nominatim.openstreetmap.org/search?country=argentina&state=mendoza&city=san%20martin	810
https://nominatim.openstreetmap.org/search?country=argentina&state=mendoza&city=san%20martin	812
https://nominatim.openstreetmap.org/search?country=argentina&state=mendoza&city=san%20martin	813
https://nominatim.openstreetmap.org/search?country=argentina&state=mendoza&city=san%20rafael	814
https://nominatim.openstreetmap.org/search?country=argentina&state=mendoza&city=san%20rafael	823
https://nominatim.openstreetmap.org/search?country=argentina&state=mendoza&city=san%20martin	825
https://nominatim.openstreetmap.org/search?country=argentina&state=mendoza&city=san%20rafael	835
https://nominatim.openstreetmap.org/search?country=argentina&state=mendoza&city=san%20martin	836
https://nominatim.openstreetmap.org/search?country=argentina&state=mendoza&city=san%20martin	838
https://nominatim.openstreetmap.org/search?country=argentina&state=mendoza&city=san%20rafael	839
https://nominatim.openstreetmap.org/search?country=argentina&state=mendoza&city=san%20martin	840
https://nominatim.openstreetmap.org/search?country=argentina&state=mendoza&city=tunuyan	841
https://nominatim.openstreetmap.org/search?country=argentina&state=mendoza&city=tunuyan	843
https://nominatim.openstreetmap.org/search?country=argentina&state=mendoza&city=san%20martin	846
https://nominatim.openstreetmap.org/search?country=argentina&state=mendoza&city=san%20martin	854
https://nominatim.openstreetmap.org/search?country=argentina&state=mendoza&city=san%20martin	857
https://nominatim.openstreetmap.org/search?country=argentina&state=san%20juan&city=san%20juan	860
https://nominatim.openstreetmap.org/search?country=argentina&state=mendoza&city=san%20martin	861
https://nominatim.openstreetmap.org/search?country=argentina&state=mendoza&city=san%20martin	866
https://nominatim.openstreetmap.org/search?country=argentina&state=mendoza&city=tunuyan	883
https://nominatim.openstreetmap.org/search?country=argentina&state=mendoza&city=general%20alvear	887
https://nominatim.openstreetmap.org/search?country=argentina&state=mendoza&city=mendoza	890
https://nominatim.openstreetmap.org/search?country=argentina&state=mendoza&city=san%20martin	896
https://nominatim.openstreetmap.org/search?country=argentina&state=mendoza&city=san%20martin	897
https://nominatim.openstreetmap.org/search?country=argentina&state=mendoza&city=san%20martin	902
https://nominatim.openstreetmap.org/search?country=argentina&state=mendoza&city=tunuyan	913
https://nominatim.openstreetmap.org/search?country=argentina&state=mendoza&city=san%20martin	915
https://nominatim.openstreetmap.org/search?country=argentina&state=mendoza&city=san%20rafael	919
https://nominatim.openstreetmap.org/search?country=argentina&state=mendoza&city=san%20rafael	920
https://nominatim.openstreetmap.org/search?country=argentina&state=mendoza&city=san%20rafael	924
https://nominatim.openstreetmap.org/search?country=argentina&state=mendoza&city=san%20martin	926
https://nominatim.openstreetmap.org/search?country=argentina&state=mendoza&city=general%20alvear	928
https://nominatim.openstreetmap.org/search?country=argentina&state=mendoza&city=san%20rafael	931
https://nominatim.openstreetmap.org/search?country=argentina&state=mendoza&city=san%20rafael	941
https://nominatim.openstreetmap.org/search?country=argentina&state=mendoza&city=san%20rafael	947
https://nominatim.openstreetmap.org/search?country=argentina&state=mendoza&city=san%20rafael	948
https://nominatim.openstreetmap.org/search?country=argentina&state=mendoza&city=tunuyan	949
https://nominatim.openstreetmap.org/search?country=argentina&state=mendoza&city=tunuyan	954
https://nominatim.openstreetmap.org/search?country=argentina&state=mendoza&city=tunuyan	955
https://nominatim.openstreetmap.org/search?country=argentina&state=mendoza&city=san%20rafael	961
https://nominatim.openstreetmap.org/search?country=argentina&state=mendoza&city=san%20rafael	965
https://nominatim.openstreetmap.org/search?country=argentina&state=mendoza&city=san%20rafael	967
https://nominatim.openstreetmap.org/search?country=argentina&state=mendoza&city=general%20alvear	968
https://nominatim.openstreetmap.org/search?country=argentina&state=mendoza&city=general%20alvear	978
https://nominatim.openstreetmap.org/search?country=argentina&state=mendoza&city=tunuyan	979
https://nominatim.openstreetmap.org/search?country=argentina&state=mendoza&city=general%20alvear	984
https://nominatim.openstreetmap.org/search?country=argentina&state=mendoza&city=san%20rafael	994
https://nominatim.openstreetmap.org/search?country=argentina&state=mendoza&city=san%20martin	996
https://nominatim.openstreetmap.org/search?country=argentina&state=mendoza&city=san%20rafael	1002
https://nominatim.openstreetmap.org/search?country=argentina&state=mendoza&city=san%20rafael	1010
https://nominatim.openstreetmap.org/search?country=argentina&state=mendoza&city=tunuyan	1015
https://nominatim.openstreetmap.org/search?country=argentina&state=mendoza&city=san%20martin	1024
https://nominatim.openstreetmap.org/search?country=argentina&state=mendoza&city=san%20martin	1025
https://nominatim.openstreetmap.org/search?country=argentina&state=mendoza&city=general%20alvear	1035
https://nominatim.openstreetmap.org/search?country=argentina&state=mendoza&city=san%20martin	1040
https://nominatim.openstreetmap.org/search?country=argentina&state=mendoza&city=san%20rafael	1042
https://nominatim.openstreetmap.org/search?country=argentina&state=mendoza&city=san%20rafael	1044
https://nominatim.openstreetmap.org/search?country=argentina&state=mendoza&city=san%20martin	1046
https://nominatim.openstreetmap.org/search?country=argentina&state=mendoza&city=san%20martin	1057
https://nominatim.openstreetmap.org/search?country=argentina&state=mendoza&city=san%20martin	1058
https://nominatim.openstreetmap.org/search?country=argentina&state=mendoza&city=tunuyan	1062
https://nominatim.openstreetmap.org/search?country=argentina&state=mendoza&city=san%20rafael	1067
https://nominatim.openstreetmap.org/search?country=argentina&state=misiones&city=obera	1141
https://nominatim.openstreetmap.org/search?country=argentina&state=misiones&city=posadas	1142
https://nominatim.openstreetmap.org/search?country=argentina&state=misiones&city=eldorado	1143
https://nominatim.openstreetmap.org/search?country=argentina&state=misiones&city=posadas	1144
https://nominatim.openstreetmap.org/search?country=argentina&state=misiones&city=posadas	1145
https://nominatim.openstreetmap.org/search?country=argentina&state=misiones&city=posadas	1146
https://nominatim.openstreetmap.org/search?country=argentina&state=misiones&city=obera	1149
https://nominatim.openstreetmap.org/search?country=argentina&state=misiones&city=posadas	1150
https://nominatim.openstreetmap.org/search?country=argentina&state=misiones&city=leandro%20n.%20alem	1151
https://nominatim.openstreetmap.org/search?country=argentina&state=misiones&city=posadas	1152
https://nominatim.openstreetmap.org/search?country=argentina&state=misiones&city=posadas	1153
https://nominatim.openstreetmap.org/search?country=argentina&state=misiones&city=posadas	1155
https://nominatim.openstreetmap.org/search?country=argentina&state=misiones&city=posadas	1156
https://nominatim.openstreetmap.org/search?country=argentina&state=corrientes&city=caa%20cati	1160
https://nominatim.openstreetmap.org/search?country=argentina&state=misiones&city=posadas	1163
https://nominatim.openstreetmap.org/search?country=argentina&state=misiones&city=eldorado	1166
https://nominatim.openstreetmap.org/search?country=argentina&state=misiones&city=obera	1167
https://nominatim.openstreetmap.org/search?country=argentina&state=misiones&city=posadas	1168
https://nominatim.openstreetmap.org/search?country=argentina&state=misiones&city=obera	1169
https://nominatim.openstreetmap.org/search?country=argentina&state=misiones&city=posadas	1171
https://nominatim.openstreetmap.org/search?country=argentina&state=misiones&city=posadas	1174
https://nominatim.openstreetmap.org/search?country=argentina&state=misiones&city=leandro%20n.%20alem	1175
https://nominatim.openstreetmap.org/search?country=argentina&state=misiones&city=obera	1176
https://nominatim.openstreetmap.org/search?country=argentina&state=misiones&city=posadas	1179
https://nominatim.openstreetmap.org/search?country=argentina&state=misiones&city=obera	1180
https://nominatim.openstreetmap.org/search?country=argentina&state=misiones&city=posadas	1181
https://nominatim.openstreetmap.org/search?country=argentina&state=misiones&city=posadas	1182
https://nominatim.openstreetmap.org/search?country=argentina&state=misiones&city=obera	1185
https://nominatim.openstreetmap.org/search?country=argentina&state=misiones&city=puerto%20iguazu	1186
https://nominatim.openstreetmap.org/search?country=argentina&state=misiones&city=posadas	1190
https://nominatim.openstreetmap.org/search?country=argentina&state=corrientes&city=corrientes	1192
https://nominatim.openstreetmap.org/search?country=argentina&state=misiones&city=eldorado	1197
https://nominatim.openstreetmap.org/search?country=argentina&state=misiones&city=eldorado	1198
https://nominatim.openstreetmap.org/search?country=argentina&state=misiones&city=posadas	1200
https://nominatim.openstreetmap.org/search?country=argentina&state=misiones&city=puerto%20rico	1202
https://nominatim.openstreetmap.org/search?country=argentina&state=misiones&city=posadas	1204
https://nominatim.openstreetmap.org/search?country=argentina&state=misiones&city=posadas	1205
https://nominatim.openstreetmap.org/search?country=argentina&state=misiones&city=posadas	1206
https://nominatim.openstreetmap.org/search?country=argentina&state=misiones&city=posadas	1207
https://nominatim.openstreetmap.org/search?country=argentina&state=misiones&city=puerto%20rico	1209
https://nominatim.openstreetmap.org/search?country=argentina&state=misiones&city=posadas	1211
https://nominatim.openstreetmap.org/search?country=argentina&state=misiones&city=obera	1213
https://nominatim.openstreetmap.org/search?country=argentina&state=salta&city=salta	1535
https://nominatim.openstreetmap.org/search?country=argentina&state=mendoza&city=mendoza	1543
https://nominatim.openstreetmap.org/search?country=argentina&state=salta&city=salta	1551
https://nominatim.openstreetmap.org/search?country=argentina&state=salta&city=salta	1552
https://nominatim.openstreetmap.org/search?country=argentina&state=salta&city=san%20jose%20de%20metan	1555
https://nominatim.openstreetmap.org/search?country=argentina&state=salta&city=oran	1561
https://nominatim.openstreetmap.org/search?country=argentina&state=tierra%20del%20fuego&city=ushuaia	1562
