https://nominatim.openstreetmap.org/search?country=Argentina&state=San%20Luis&city=San%20Luis	206
https://nominatim.openstreetmap.org/search?country=Argentina&state=San%20Luis&city=San%20Luis	207
https://nominatim.openstreetmap.org/search?country=Argentina&state=San%20Luis&city=San%20Luis	208
https://nominatim.openstreetmap.org/search?country=Argentina&state=San%20Luis&city=San%20Luis	209
https://nominatim.openstreetmap.org/search?country=Argentina&state=San%20Luis&city=Villa%20Mercedes	210
https://nominatim.openstreetmap.org/search?country=Argentina&state=San%20Luis&city=San%20Luis	211
https://nominatim.openstreetmap.org/search?country=Argentina&state=San%20Luis&city=San%20Luis	212
https://nominatim.openstreetmap.org/search?country=Argentina&state=San%20Luis&city=San%20Luis	213
https://nominatim.openstreetmap.org/search?country=Argentina&state=San%20Luis&city=San%20Luis	214
https://nominatim.openstreetmap.org/search?country=Argentina&state=San%20Luis&city=San%20Luis	215
https://nominatim.openstreetmap.org/search?country=Argentina&state=San%20Luis&city=San%20Luis	216
https://nominatim.openstreetmap.org/search?country=Argentina&state=San%20Luis&city=San%20Luis	217
https://nominatim.openstreetmap.org/search?country=Argentina&state=San%20Luis&city=San%20Luis	218
https://nominatim.openstreetmap.org/search?country=Argentina&state=San%20Luis&city=San%20Luis	219
https://nominatim.openstreetmap.org/search?country=Argentina&state=San%20Luis&city=San%20Luis	220
https://nominatim.openstreetmap.org/search?country=Argentina&state=San%20Luis&city=San%20Luis	221
https://nominatim.openstreetmap.org/search?country=Argentina&state=San%20Luis&city=San%20Luis	222
https://nominatim.openstreetmap.org/search?country=Argentina&state=San%20Luis&city=San%20Luis	223
https://nominatim.openstreetmap.org/search?country=Argentina&state=San%20Luis&city=San%20Luis	224
https://nominatim.openstreetmap.org/search?country=Argentina&state=San%20Luis&city=San%20Luis	225
https://nominatim.openstreetmap.org/search?country=Argentina&state=San%20Luis&city=Villa%20Mercedes	226
https://nominatim.openstreetmap.org/search?country=Argentina&state=San%20Luis&city=San%20Luis	227
https://nominatim.openstreetmap.org/search?country=Argentina&state=San%20Luis&city=Villa%20Mercedes	228
https://nominatim.openstreetmap.org/search?country=Argentina&state=San%20Luis&city=San%20Luis	229
https://nominatim.openstreetmap.org/search?country=Argentina&state=San%20Luis&city=Tilisarao	230
https://nominatim.openstreetmap.org/search?country=Argentina&state=San%20Luis&city=Buena%20Esperanza	231
https://nominatim.openstreetmap.org/search?country=Argentina&state=San%20Luis&city=San%20Luis	232
https://nominatim.openstreetmap.org/search?country=Argentina&state=San%20Luis&city=San%20Luis	233
https://nominatim.openstreetmap.org/search?country=Argentina&state=San%20Luis&city=San%20Luis	234
https://nominatim.openstreetmap.org/search?country=Argentina&state=San%20Luis&city=San%20Luis	235
https://nominatim.openstreetmap.org/search?country=Argentina&state=San%20Luis&city=San%20Luis	236
https://nominatim.openstreetmap.org/search?country=Argentina&state=San%20Luis&city=San%20Luis	237
https://nominatim.openstreetmap.org/search?country=Argentina&state=San%20Luis&city=San%20Luis	238
https://nominatim.openstreetmap.org/search?country=Argentina&state=San%20Luis&city=San%20Luis	239
https://nominatim.openstreetmap.org/search?country=Argentina&state=San%20Luis&city=San%20Luis	241
https://nominatim.openstreetmap.org/search?country=Argentina&state=San%20Luis&city=Villa%20Mercedes	242
https://nominatim.openstreetmap.org/search?country=Argentina&state=San%20Luis&city=San%20Luis	243
https://nominatim.openstreetmap.org/search?country=Argentina&state=San%20Luis&city=Villa%20Mercedes	244
https://nominatim.openstreetmap.org/search?country=Argentina&state=San%20Luis&city=San%20Luis	245
https://nominatim.openstreetmap.org/search?country=Argentina&state=San%20Luis&city=San%20Luis	246
https://nominatim.openstreetmap.org/search?country=Argentina&state=San%20Luis&city=San%20Luis	247
https://nominatim.openstreetmap.org/search?country=Argentina&state=San%20Luis&city=San%20Luis	248
https://nominatim.openstreetmap.org/search?country=Argentina&state=Mendoza&city=Mendoza	249
https://nominatim.openstreetmap.org/search?country=Argentina&state=San%20Luis&city=San%20Luis	250
https://nominatim.openstreetmap.org/search?country=Argentina&state=Mendoza&city=Mendoza	252
https://nominatim.openstreetmap.org/search?country=Argentina&state=San%20Luis&city=San%20Luis	253
https://nominatim.openstreetmap.org/search?country=Argentina&state=San%20Luis&city=San%20Luis	254
https://nominatim.openstreetmap.org/search?country=Argentina&state=Mendoza&city=Mendoza	255
https://nominatim.openstreetmap.org/search?country=Argentina&state=Córdoba&city=Córdoba	256
https://nominatim.openstreetmap.org/search?country=Argentina&state=Mendoza&city=Mendoza	257
https://nominatim.openstreetmap.org/search?country=Argentina&state=Neuquén&city=Neuquén	687
https://nominatim.openstreetmap.org/search?country=Argentina&state=Mendoza&city=San%20Rafael	688
https://nominatim.openstreetmap.org/search?country=Argentina&state=Mendoza&city=Mendoza	690
https://nominatim.openstreetmap.org/search?country=Argentina&state=Mendoza&city=San%20Rafael	692
https://nominatim.openstreetmap.org/search?country=Argentina&state=Mendoza&city=Tunuyán	708
https://nominatim.openstreetmap.org/search?country=Argentina&state=Mendoza&city=Tunuyán	709
https://nominatim.openstreetmap.org/search?country=Argentina&state=Mendoza&city=San%20Martín	716
https://nominatim.openstreetmap.org/search?country=Argentina&state=Mendoza&city=Mendoza	718
https://nominatim.openstreetmap.org/search?country=Argentina&state=Mendoza&city=Mendoza	719
https://nominatim.openstreetmap.org/search?country=Argentina&state=Mendoza&city=San%20Rafael	720
https://nominatim.openstreetmap.org/search?country=Argentina&state=Mendoza&city=San%20Martín	728
https://nominatim.openstreetmap.org/search?country=Argentina&state=Mendoza&city=San%20Rafael	729
https://nominatim.openstreetmap.org/search?country=Argentina&state=Mendoza&city=Tunuyán	731
https://nominatim.openstreetmap.org/search?country=Argentina&state=Mendoza&city=San%20Rafael	736
https://nominatim.openstreetmap.org/search?country=Argentina&state=Mendoza&city=San%20Martín	738
https://nominatim.openstreetmap.org/search?country=Argentina&state=Mendoza&city=San%20Martín	739
https://nominatim.openstreetmap.org/search?country=Argentina&state=Mendoza&city=San%20Martín	740
https://nominatim.openstreetmap.org/search?country=Argentina&state=Mendoza&city=Tunuyán	744
https://nominatim.openstreetmap.org/search?country=Argentina&state=Mendoza&city=Tunuyán	745
https://nominatim.openstreetmap.org/search?country=Argentina&state=Mendoza&city=San%20Rafael	749
https://nominatim.openstreetmap.org/search?country=Argentina&state=Mendoza&city=San%20Martín	750
https://nominatim.openstreetmap.org/search?country=Argentina&state=Mendoza&city=San%20Rafael	753
https://nominatim.openstreetmap.org/search?country=Argentina&state=Mendoza&city=San%20Martín	756
https://nominatim.openstreetmap.org/search?country=Argentina&state=Chubut&city=Comodoro%20Rivadavia	761
https://nominatim.openstreetmap.org/search?country=Argentina&state=Mendoza&city=San%20Rafael	762
https://nominatim.openstreetmap.org/search?country=Argentina&state=Córdoba&city=Córdoba	778
https://nominatim.openstreetmap.org/search?country=Argentina&state=Mendoza&city=General%20Alvear	785
https://nominatim.openstreetmap.org/search?country=Argentina&state=Mendoza&city=San%20Rafael	796
https://nominatim.openstreetmap.org/search?country=Argentina&state=Mendoza&city=Tunuyán	805
https://nominatim.openstreetmap.org/search?country=Argentina&state=Mendoza&city=San%20Martín	810
https://nominatim.openstreetmap.org/search?country=Argentina&state=Mendoza&city=San%20Martín	812
https://nominatim.openstreetmap.org/search?country=Argentina&state=Mendoza&city=San%20Martín	813
https://nominatim.openstreetmap.org/search?country=Argentina&state=Mendoza&city=San%20Rafael	814
https://nominatim.openstreetmap.org/search?country=Argentina&state=Mendoza&city=San%20Rafael	823
https://nominatim.openstreetmap.org/search?country=Argentina&state=Mendoza&city=San%20Martín	825
https://nominatim.openstreetmap.org/search?country=Argentina&state=Mendoza&city=San%20Rafael	835
https://nominatim.openstreetmap.org/search?country=Argentina&state=Mendoza&city=San%20Martín	836
https://nominatim.openstreetmap.org/search?country=Argentina&state=Mendoza&city=San%20Martín	838
https://nominatim.openstreetmap.org/search?country=Argentina&state=Mendoza&city=San%20Rafael	839
https://nominatim.openstreetmap.org/search?country=Argentina&state=Mendoza&city=San%20Martín	840
https://nominatim.openstreetmap.org/search?country=Argentina&state=Mendoza&city=Tunuyán	841
https://nominatim.openstreetmap.org/search?country=Argentina&state=Mendoza&city=Tunuyán	843
https://nominatim.openstreetmap.org/search?country=Argentina&state=Mendoza&city=San%20Martín	846
https://nominatim.openstreetmap.org/search?country=Argentina&state=Mendoza&city=San%20Martín	854
https://nominatim.openstreetmap.org/search?country=Argentina&state=Mendoza&city=San%20Martín	857
https://nominatim.openstreetmap.org/search?country=Argentina&state=San%20Juan&city=San%20Juan	860
https://nominatim.openstreetmap.org/search?country=Argentina&state=Mendoza&city=San%20Martín	861
https://nominatim.openstreetmap.org/search?country=Argentina&state=Mendoza&city=San%20Martín	866
https://nominatim.openstreetmap.org/search?country=Argentina&state=Mendoza&city=Tunuyán	883
https://nominatim.openstreetmap.org/search?country=Argentina&state=Mendoza&city=General%20Alvear	887
https://nominatim.openstreetmap.org/search?country=Argentina&state=Mendoza&city=Mendoza	890
https://nominatim.openstreetmap.org/search?country=Argentina&state=Mendoza&city=San%20Martín	896
https://nominatim.openstreetmap.org/search?country=Argentina&state=Mendoza&city=San%20Martín	897
https://nominatim.openstreetmap.org/search?country=Argentina&state=Mendoza&city=San%20Martín	902
https://nominatim.openstreetmap.org/search?country=Argentina&state=Mendoza&city=Tunuyán	913
https://nominatim.openstreetmap.org/search?country=Argentina&state=Mendoza&city=San%20Martín	915
https://nominatim.openstreetmap.org/search?country=Argentina&state=Mendoza&city=San%20Rafael	919
https://nominatim.openstreetmap.org/search?country=Argentina&state=Mendoza&city=San%20Rafael	920
https://nominatim.openstreetmap.org/search?country=Argentina&state=Mendoza&city=San%20Rafael	924
https://nominatim.openstreetmap.org/search?country=Argentina&state=Mendoza&city=San%20Martín	926
https://nominatim.openstreetmap.org/search?country=Argentina&state=Mendoza&city=General%20Alvear	928
https://nominatim.openstreetmap.org/search?country=Argentina&state=Mendoza&city=San%20Rafael	931
https://nominatim.openstreetmap.org/search?country=Argentina&state=Mendoza&city=San%20Rafael	941
https://nominatim.openstreetmap.org/search?country=Argentina&state=Mendoza&city=San%20Rafael	947
https://nominatim.openstreetmap.org/search?country=Argentina&state=Mendoza&city=San%20Rafael	948
https://nominatim.openstreetmap.org/search?country=Argentina&state=Mendoza&city=Tunuyán	949
https://nominatim.openstreetmap.org/search?country=Argentina&state=Mendoza&city=Tunuyán	954
https://nominatim.openstreetmap.org/search?country=Argentina&state=Mendoza&city=Tunuyán	955
https://nominatim.openstreetmap.org/search?country=Argentina&state=Mendoza&city=San%20Rafael	961
https://nominatim.openstreetmap.org/search?country=Argentina&state=Mendoza&city=San%20Rafael	965
https://nominatim.openstreetmap.org/search?country=Argentina&state=Mendoza&city=San%20Rafael	967
https://nominatim.openstreetmap.org/search?country=Argentina&state=Mendoza&city=General%20Alvear	968
https://nominatim.openstreetmap.org/search?country=Argentina&state=Mendoza&city=General%20Alvear	978
https://nominatim.openstreetmap.org/search?country=Argentina&state=Mendoza&city=Tunuyán	979
https://nominatim.openstreetmap.org/search?country=Argentina&state=Mendoza&city=General%20Alvear	984
https://nominatim.openstreetmap.org/search?country=Argentina&state=Mendoza&city=San%20Rafael	994
https://nominatim.openstreetmap.org/search?country=Argentina&state=Mendoza&city=San%20Martín	996
https://nominatim.openstreetmap.org/search?country=Argentina&state=Mendoza&city=San%20Rafael	1002
https://nominatim.openstreetmap.org/search?country=Argentina&state=Mendoza&city=San%20Rafael	1010
https://nominatim.openstreetmap.org/search?country=Argentina&state=Mendoza&city=Tunuyán	1015
https://nominatim.openstreetmap.org/search?country=Argentina&state=Mendoza&city=San%20Martín	1024
https://nominatim.openstreetmap.org/search?country=Argentina&state=Mendoza&city=San%20Martín	1025
https://nominatim.openstreetmap.org/search?country=Argentina&state=Mendoza&city=General%20Alvear	1035
https://nominatim.openstreetmap.org/search?country=Argentina&state=Mendoza&city=San%20Martín	1040
https://nominatim.openstreetmap.org/search?country=Argentina&state=Mendoza&city=San%20Rafael	1042
https://nominatim.openstreetmap.org/search?country=Argentina&state=Mendoza&city=San%20Rafael	1044
https://nominatim.openstreetmap.org/search?country=Argentina&state=Mendoza&city=San%20Martín	1046
https://nominatim.openstreetmap.org/search?country=Argentina&state=Mendoza&city=San%20Martín	1057
https://nominatim.openstreetmap.org/search?country=Argentina&state=Mendoza&city=San%20Martín	1058
https://nominatim.openstreetmap.org/search?country=Argentina&state=Mendoza&city=Tunuyán	1062
https://nominatim.openstreetmap.org/search?country=Argentina&state=Mendoza&city=San%20Rafael	1067
https://nominatim.openstreetmap.org/search?country=Argentina&state=Misiones&city=Oberá	1141
https://nominatim.openstreetmap.org/search?country=Argentina&state=Misiones&city=Posadas	1142
https://nominatim.openstreetmap.org/search?country=Argentina&state=Misiones&city=Eldorado	1143
https://nominatim.openstreetmap.org/search?country=Argentina&state=Misiones&city=Posadas	1144
https://nominatim.openstreetmap.org/search?country=Argentina&state=Misiones&city=Posadas	1145
https://nominatim.openstreetmap.org/search?country=Argentina&state=Misiones&city=Posadas	1146
https://nominatim.openstreetmap.org/search?country=Argentina&state=Misiones&city=Oberá	1149
https://nominatim.openstreetmap.org/search?country=Argentina&state=Misiones&city=Posadas	1150
https://nominatim.openstreetmap.org/search?country=Argentina&state=Misiones&city=Leandro%20N.%20Alem	1151
https://nominatim.openstreetmap.org/search?country=Argentina&state=Misiones&city=Posadas	1152
https://nominatim.openstreetmap.org/search?country=Argentina&state=Misiones&city=Posadas	1153
https://nominatim.openstreetmap.org/search?country=Argentina&state=Misiones&city=Posadas	1155
https://nominatim.openstreetmap.org/search?country=Argentina&state=Misiones&city=Posadas	1156
https://nominatim.openstreetmap.org/search?country=Argentina&state=Corrientes&city=Caá%20Catí	1160
https://nominatim.openstreetmap.org/search?country=Argentina&state=Misiones&city=Posadas	1163
https://nominatim.openstreetmap.org/search?country=Argentina&state=Misiones&city=Eldorado	1166
https://nominatim.openstreetmap.org/search?country=Argentina&state=Misiones&city=Oberá	1167
https://nominatim.openstreetmap.org/search?country=Argentina&state=Misiones&city=Posadas	1168
https://nominatim.openstreetmap.org/search?country=Argentina&state=Misiones&city=Oberá	1169
https://nominatim.openstreetmap.org/search?country=Argentina&state=Misiones&city=Posadas	1171
https://nominatim.openstreetmap.org/search?country=Argentina&state=Misiones&city=Posadas	1174
https://nominatim.openstreetmap.org/search?country=Argentina&state=Misiones&city=Leandro%20N.%20Alem	1175
https://nominatim.openstreetmap.org/search?country=Argentina&state=Misiones&city=Oberá	1176
https://nominatim.openstreetmap.org/search?country=Argentina&state=Misiones&city=Posadas	1179
https://nominatim.openstreetmap.org/search?country=Argentina&state=Misiones&city=Oberá	1180
https://nominatim.openstreetmap.org/search?country=Argentina&state=Misiones&city=Posadas	1181
https://nominatim.openstreetmap.org/search?country=Argentina&state=Misiones&city=Posadas	1182
https://nominatim.openstreetmap.org/search?country=Argentina&state=Misiones&city=Oberá	1185
https://nominatim.openstreetmap.org/search?country=Argentina&state=Misiones&city=Puerto%20Iguazú	1186
https://nominatim.openstreetmap.org/search?country=Argentina&state=Misiones&city=Posadas	1190
https://nominatim.openstreetmap.org/search?country=Argentina&state=Corrientes&city=Corrientes	1192
https://nominatim.openstreetmap.org/search?country=Argentina&state=Misiones&city=Eldorado	1197
https://nominatim.openstreetmap.org/search?country=Argentina&state=Misiones&city=Eldorado	1198
https://nominatim.openstreetmap.org/search?country=Argentina&state=Misiones&city=Posadas	1200
https://nominatim.openstreetmap.org/search?country=Argentina&state=Misiones&city=Puerto%20Rico	1202
https://nominatim.openstreetmap.org/search?country=Argentina&state=Misiones&city=Posadas	1204
https://nominatim.openstreetmap.org/search?country=Argentina&state=Misiones&city=Posadas	1205
https://nominatim.openstreetmap.org/search?country=Argentina&state=Misiones&city=Posadas	1206
https://nominatim.openstreetmap.org/search?country=Argentina&state=Misiones&city=Posadas	1207
https://nominatim.openstreetmap.org/search?country=Argentina&state=Misiones&city=Puerto%20Rico	1209
https://nominatim.openstreetmap.org/search?country=Argentina&state=Misiones&city=Posadas	1211
https://nominatim.openstreetmap.org/search?country=Argentina&state=Misiones&city=Oberá	1213
https://nominatim.openstreetmap.org/search?country=Argentina&state=Salta&city=Salta	1535
https://nominatim.openstreetmap.org/search?country=Argentina&state=Mendoza&city=Mendoza	1543
https://nominatim.openstreetmap.org/search?country=Argentina&state=Salta&city=Salta	1551
https://nominatim.openstreetmap.org/search?country=Argentina&state=Salta&city=Salta	1552
https://nominatim.openstreetmap.org/search?country=Argentina&state=Salta&city=San%20José%20de%20Metán	1555
https://nominatim.openstreetmap.org/search?country=Argentina&state=Salta&city=Orán	1561
https://nominatim.openstreetmap.org/search?country=Argentina&state=Tierra%20del%20Fuego&city=Ushuaia	1562
