https://nominatim.openstreetmap.org/search?country=Argentina&state=Santiago%20del%20Estero&city=SANTIAGO%20DEL%20ESTERO	1
https://nominatim.openstreetmap.org/search?country=Argentina&state=Santiago%20del%20Estero&city=SANTIAGO%20DEL%20ESTERO	2
https://nominatim.openstreetmap.org/search?country=Argentina&state=Santiago%20del%20Estero&city=YERBA%20BUENA	3
https://nominatim.openstreetmap.org/search?country=Argentina&state=Santiago%20del%20Estero&city=SANTIAGO%20DEL%20ESTERO	11
https://nominatim.openstreetmap.org/search?country=Argentina&state=Santiago%20del%20Estero&city=SANTIAGO%20DEL%20ESTERO	13
https://nominatim.openstreetmap.org/search?country=Argentina&state=Santiago%20del%20Estero&city=SANTIAGO%20DEL%20ESTERO	15
https://nominatim.openstreetmap.org/search?country=Argentina&state=Santiago%20del%20Estero&city=SANTIAGO%20DEL%20ESTERO	17
https://nominatim.openstreetmap.org/search?country=Argentina&state=Santiago%20del%20Estero&city=SANTIAGO%20DEL%20ESTERO	26
https://nominatim.openstreetmap.org/search?country=Argentina&state=Santiago%20del%20Estero&city=SANTIAGO%20DEL%20ESTERO	28
https://nominatim.openstreetmap.org/search?country=Argentina&state=Santiago%20del%20Estero&city=CERES	31
https://nominatim.openstreetmap.org/search?country=Argentina&state=Santiago%20del%20Estero&city=LA%20BANDA	38
https://nominatim.openstreetmap.org/search?country=Argentina&state=Santiago%20del%20Estero&city=SANTIAGO%20DEL%20ESTERO	40
https://nominatim.openstreetmap.org/search?country=Argentina&state=Santiago%20del%20Estero&city=SANTIAGO%20DEL%20ESTERO	42
https://nominatim.openstreetmap.org/search?country=Argentina&state=Santiago%20del%20Estero&city=SANTIAGO%20DEL%20ESTERO	43
https://nominatim.openstreetmap.org/search?country=Argentina&state=Santiago%20del%20Estero&city=SAN%20MIGUEL%20DE%20TUCUMAN	50
https://nominatim.openstreetmap.org/search?country=Argentina&state=Santiago%20del%20Estero&city=SANTIAGO%20DEL%20ESTERO	59
https://nominatim.openstreetmap.org/search?country=Argentina&state=Santiago%20del%20Estero&city=BANDERA	63
https://nominatim.openstreetmap.org/search?country=Argentina&state=Santiago%20del%20Estero&city=FERNANDEZ	68
https://nominatim.openstreetmap.org/search?country=Argentina&state=Santiago%20del%20Estero&city=SANTIAGO%20DEL%20ESTERO	70
https://nominatim.openstreetmap.org/search?country=Argentina&state=Santiago%20del%20Estero&city=LA%20BANDA	76
https://nominatim.openstreetmap.org/search?country=Argentina&state=Santiago%20del%20Estero&city=CERES	78
https://nominatim.openstreetmap.org/search?country=Argentina&state=Santiago%20del%20Estero&city=CERES	79
https://nominatim.openstreetmap.org/search?country=Argentina&state=Santiago%20del%20Estero&city=SANTIAGO%20DEL%20ESTERO	86
https://nominatim.openstreetmap.org/search?country=Argentina&state=Santiago%20del%20Estero&city=SANTIAGO%20DEL%20ESTERO	89
https://nominatim.openstreetmap.org/search?country=Argentina&state=Santiago%20del%20Estero&city=SANTIAGO%20DEL%20ESTERO	91
https://nominatim.openstreetmap.org/search?country=Argentina&state=Catamarca&city=Catamarca	103
https://nominatim.openstreetmap.org/search?country=Argentina&state=Catamarca&city=Juan%20B.%20Alberdi	126
https://nominatim.openstreetmap.org/search?country=Argentina&state=Catamarca&city=Catamarca	133
https://nominatim.openstreetmap.org/search?country=Argentina&state=Catamarca&city=Catamerca	171
https://nominatim.openstreetmap.org/search?country=Argentina&state=La%20Rioja&city=La%20Rioja	181
https://nominatim.openstreetmap.org/search?country=Argentina&state=La%20Rioja&city=La%20Rioja	184
https://nominatim.openstreetmap.org/search?country=Argentina&state=La%20Rioja&city=La%20Rioja	186
https://nominatim.openstreetmap.org/search?country=Argentina&state=La%20Rioja&city=La%20Rioja	190
https://nominatim.openstreetmap.org/search?country=Argentina&state=La%20Rioja&city=Chamical	193
https://nominatim.openstreetmap.org/search?country=Argentina&state=La%20Rioja&city=Chilecito	205
https://nominatim.openstreetmap.org/search?country=Argentina&state=Entre%20Rios&city=Concepcion%20del%20uruguay	264
https://nominatim.openstreetmap.org/search?country=Argentina&state=Entre%20Rios&city=Concepcion%20del%20uruguay	265
https://nominatim.openstreetmap.org/search?country=Argentina&state=CABA&city=CABA	271
https://nominatim.openstreetmap.org/search?country=Argentina&state=Entre%20Rios&city=Concepcion%20del%20uruguay	290
https://nominatim.openstreetmap.org/search?country=Argentina&state=Entre%20Rios&city=Concepcion%20del%20uruguay	292
https://nominatim.openstreetmap.org/search?country=Argentina&state=Entre%20Rios&city=Concepcion%20del%20uruguay	311
https://nominatim.openstreetmap.org/search?country=Argentina&state=Santa%20Fe&city=SANTA%20FE	336
https://nominatim.openstreetmap.org/search?country=Argentina&state=Entre%20Rios&city=General%20Galarza	346
https://nominatim.openstreetmap.org/search?country=Argentina&state=Entre%20Rios&city=Concepcion%20del%20uruguay	350
https://nominatim.openstreetmap.org/search?country=Argentina&state=Entre%20Rios&city=Concepcion%20del%20uruguay	351
https://nominatim.openstreetmap.org/search?country=Argentina&state=Entre%20Rios&city=Concepcion%20del%20uruguay	352
https://nominatim.openstreetmap.org/search?country=Argentina&state=Entre%20Rios&city=Concepcion%20del%20uruguay	371
https://nominatim.openstreetmap.org/search?country=Argentina&state=Entre%20Rios&city=Concepcion%20del%20uruguay	376
https://nominatim.openstreetmap.org/search?country=Argentina&state=Santa%20fe&city=LLAMBI%20CAMBELL	411
https://nominatim.openstreetmap.org/search?country=Argentina&state=Entre%20Rios&city=Concepcion%20del%20uruguay	422
https://nominatim.openstreetmap.org/search?country=Argentina&state=La%20Pampa&city=Santa%20Rosa	430
https://nominatim.openstreetmap.org/search?country=Argentina&state=La%20Pampa&city=Jacinto%20Arauz%208208	435
https://nominatim.openstreetmap.org/search?country=Argentina&state=La%20Pampa&city=Pellegrini%206346	438
https://nominatim.openstreetmap.org/search?country=Argentina&state=La%20Pampa&city=Toay	444
https://nominatim.openstreetmap.org/search?country=Argentina&state=Rio%20Negro&city=Viedma	445
https://nominatim.openstreetmap.org/search?country=Argentina&state=La%20Pampa&city=Victorica	447
https://nominatim.openstreetmap.org/search?country=Argentina&state=La%20Pampa&city=Gral%20Pico	448
https://nominatim.openstreetmap.org/search?country=Argentina&state=Buenos%20Aires&city=Florida	451
https://nominatim.openstreetmap.org/search?country=Argentina&state=La%20Pampa&city=Toay	455
https://nominatim.openstreetmap.org/search?country=Argentina&state=La%20Pampa&city=Gral%20Pico	457
https://nominatim.openstreetmap.org/search?country=Argentina&state=La%20Pampa&city=General%20Campos%20-%206309	459
https://nominatim.openstreetmap.org/search?country=Argentina&state=La%20Pampa&city=Santa%20Rosa	460
https://nominatim.openstreetmap.org/search?country=Argentina&state=La%20Pampa&city=Gral%20Pico	465
https://nominatim.openstreetmap.org/search?country=Argentina&state=La%20Pampa&city=Santa%20Rosa	467
https://nominatim.openstreetmap.org/search?country=Argentina&state=La%20Pampa&city=Gral%20Pico	471
https://nominatim.openstreetmap.org/search?country=Argentina&state=Chubut&city=CIPOLLETTI	626
https://nominatim.openstreetmap.org/search?country=Argentina&state=La%20Pampa&city=CUTRALCO	651
https://nominatim.openstreetmap.org/search?country=Argentina&state=Formosa&city=FORMOSA	1073
https://nominatim.openstreetmap.org/search?country=Argentina&state=Formosa&city=FORMOSA	1077
https://nominatim.openstreetmap.org/search?country=Argentina&state=Formosa&city=FORMOSA	1078
https://nominatim.openstreetmap.org/search?country=Argentina&state=Formosa&city=FORMOSA	1079
https://nominatim.openstreetmap.org/search?country=Argentina&state=Formosa&city=FORMOSA	1081
https://nominatim.openstreetmap.org/search?country=Argentina&state=Formosa&city=FORMOSA	1082
https://nominatim.openstreetmap.org/search?country=Argentina&state=Formosa&city=FORMOSA	1085
https://nominatim.openstreetmap.org/search?country=Argentina&state=Formosa&city=FORMOSA	1088
https://nominatim.openstreetmap.org/search?country=Argentina&state=Formosa&city=EL%20COLORADO	1090
https://nominatim.openstreetmap.org/search?country=Argentina&state=Formosa&city=LAGUNA%20BLANCA	1091
https://nominatim.openstreetmap.org/search?country=Argentina&state=Formosa&city=MISION%20LAHISI	1094
https://nominatim.openstreetmap.org/search?country=Argentina&state=Formosa&city=FORMOSA	1098
https://nominatim.openstreetmap.org/search?country=Argentina&state=Formosa&city=FORMOSA	1102
https://nominatim.openstreetmap.org/search?country=Argentina&state=Formosa&city=CLORINDA	1109
https://nominatim.openstreetmap.org/search?country=Argentina&state=Formosa&city=FORMOSA	1112
https://nominatim.openstreetmap.org/search?country=Argentina&state=Formosa&city=PIRANE	1117
https://nominatim.openstreetmap.org/search?country=Argentina&state=Formosa&city=FORMOSA	1118
https://nominatim.openstreetmap.org/search?country=Argentina&state=Formosa&city=FORMOSA	1120
https://nominatim.openstreetmap.org/search?country=Argentina&state=Formosa&city=BS.%20AS.	1122
https://nominatim.openstreetmap.org/search?country=Argentina&state=Formosa&city=FORMOSA	1129
https://nominatim.openstreetmap.org/search?country=Argentina&state=Formosa&city=FORMOSA	1132
https://nominatim.openstreetmap.org/search?country=Argentina&state=Formosa&city=FORMOSA	1135
https://nominatim.openstreetmap.org/search?country=Argentina&state=Formosa&city=FORMOSA	1139
https://nominatim.openstreetmap.org/search?country=Argentina&state=Misiones&city=POSADAS	1154
https://nominatim.openstreetmap.org/search?country=Argentina&state=Misiones&city=APOSTOLES	1161
https://nominatim.openstreetmap.org/search?country=Argentina&state=Misiones&city=POSADAS	1187
https://nominatim.openstreetmap.org/search?country=Argentina&state=Misiones&city=POSADAS	1196
https://nominatim.openstreetmap.org/search?country=Argentina&state=Misiones&city=AIRSTOBULO%20DEL%20VALLE	1201
https://nominatim.openstreetmap.org/search?country=Argentina&state=Buenos%20Aires&city=Bahía%20Blanca	1374
https://nominatim.openstreetmap.org/search?country=Argentina&state=Cordoba&city=Oncativo	1398
https://nominatim.openstreetmap.org/search?country=Argentina&state=Salta&city=Salta%20Capital	1523
https://nominatim.openstreetmap.org/search?country=Argentina&state=Salta&city=Salta%20Capital	1526
https://nominatim.openstreetmap.org/search?country=Argentina&state=Salta&city=Salta%20Capital	1530
https://nominatim.openstreetmap.org/search?country=Argentina&state=Salta&city=Salta%20Capital	1531
https://nominatim.openstreetmap.org/search?country=Argentina&state=Salta&city=Salta%20Capital	1532
https://nominatim.openstreetmap.org/search?country=Argentina&state=Salta&city=Salta%20Capital	1533
https://nominatim.openstreetmap.org/search?country=Argentina&state=Salta&city=Salta%20Capital	1539
https://nominatim.openstreetmap.org/search?country=Argentina&state=Salta&city=Salta%20Capital	1542
https://nominatim.openstreetmap.org/search?country=Argentina&state=Salta&city=Salta%20Capital	1545
https://nominatim.openstreetmap.org/search?country=Argentina&state=Salta&city=Salta%20Capital	1549
https://nominatim.openstreetmap.org/search?country=Argentina&state=Salta&city=Salta%20Capital	1556
https://nominatim.openstreetmap.org/search?country=Argentina&state=Salta&city=Salta%20Capital	1558
https://nominatim.openstreetmap.org/search?country=Argentina&state=Salta&city=Salta%20Capital	1560
https://nominatim.openstreetmap.org/search?country=Argentina&state=Salta&city=Salta%20Capital	1563
https://nominatim.openstreetmap.org/search?country=Argentina&state=CABA&city=CABA	1597
https://nominatim.openstreetmap.org/search?country=Argentina&state=CABA&city=CABA	1605
https://nominatim.openstreetmap.org/search?country=Argentina&state=Santa%20Cruz&city=Puerto%20San%20Julian	1610
https://nominatim.openstreetmap.org/search?country=Argentina&state=Corrientes&city=Monte%20Caseros	1630
https://nominatim.openstreetmap.org/search?country=Argentina&state=Corrientes&city=Mocoreta	1643
https://nominatim.openstreetmap.org/search?country=Argentina&state=Misiones&city=POSADAS	1659
https://nominatim.openstreetmap.org/search?country=Argentina&state=Corrientes&city=Monte%20Casero	1673
https://nominatim.openstreetmap.org/search?country=Argentina&state=Misiones&city=POSADAS	1675
https://nominatim.openstreetmap.org/search?country=Argentina&state=Corrientes&city=Gobernador%20Virasoro	1689
https://nominatim.openstreetmap.org/search?country=Argentina&state=Corrientes&city=Monte%20Caseros	1700
https://nominatim.openstreetmap.org/search?country=Argentina&state=Corrientes&city=Perugorría	1730
https://nominatim.openstreetmap.org/search?country=Argentina&state=Corrientes&city=Gobernador%20Virasoro	1787
https://nominatim.openstreetmap.org/search?country=Argentina&state=Corrientes&city=Gobernador%20Virasoro	1788
https://nominatim.openstreetmap.org/search?country=Argentina&state=Corrientes&city=Monte%20Caseros	1801
https://nominatim.openstreetmap.org/search?country=Argentina&state=Corrientes&city=Gobernador%20Virasoro	1826
https://nominatim.openstreetmap.org/search?country=Argentina&state=Corrientes&city=Monte%20Caseros	1828
https://nominatim.openstreetmap.org/search?country=Argentina&state=Buenos%20Aires&city=Junin	1834
https://nominatim.openstreetmap.org/search?country=Argentina&state=Buenos%20Aires&city=Estacion%20Baradero	1838
https://nominatim.openstreetmap.org/search?country=Argentina&state=Buenos%20Aires&city=Moreno	1843
https://nominatim.openstreetmap.org/search?country=Argentina&state=Buenos%20Aires&city=Rojas	1848
https://nominatim.openstreetmap.org/search?country=Argentina&state=Buenos%20Aires&city=Cuartel%204	1849
https://nominatim.openstreetmap.org/search?country=Argentina&state=Buenos%20Aires&city=Arrecifes	1851
https://nominatim.openstreetmap.org/search?country=Argentina&state=Buenos%20Aires&city=Lujan	1855
https://nominatim.openstreetmap.org/search?country=Argentina&state=Buenos%20Aires&city=Merlo	1864
https://nominatim.openstreetmap.org/search?country=Argentina&state=Buenos%20Aires&city=Villa%20Estacion%20Ramallo	1865
https://nominatim.openstreetmap.org/search?country=Argentina&state=Buenos%20Aires&city=Los%20Cardales	1870
https://nominatim.openstreetmap.org/search?country=Argentina&state=Buenos%20Aires&city=4%20De%20Noviembre	1873
https://nominatim.openstreetmap.org/search?country=Argentina&state=Buenos%20Aires&city=Junin	1874
https://nominatim.openstreetmap.org/search?country=Argentina&state=Buenos%20Aires&city=Junin	1883
https://nominatim.openstreetmap.org/search?country=Argentina&state=Buenos%20Aires&city=9%20De%20Julio	1887
https://nominatim.openstreetmap.org/search?country=Argentina&state=Buenos%20Aires&city=Zarate	1893
https://nominatim.openstreetmap.org/search?country=Argentina&state=Buenos%20Aires&city=Zarate	1894
https://nominatim.openstreetmap.org/search?country=Argentina&state=Buenos%20Aires&city=Bragado	1897
https://nominatim.openstreetmap.org/search?country=Argentina&state=Buenos%20Aires&city=Salto	1900
https://nominatim.openstreetmap.org/search?country=Argentina&state=Buenos%20Aires&city=9%20De%20Julio	1913
https://nominatim.openstreetmap.org/search?country=Argentina&state=Buenos%20Aires&city=San%20Pedro	1921
https://nominatim.openstreetmap.org/search?country=Argentina&state=Buenos%20Aires&city=Villa%20Estacion%20Ramallo	1947
https://nominatim.openstreetmap.org/search?country=Argentina&state=Buenos%20Aires&city=Navarro	1948
https://nominatim.openstreetmap.org/search?country=Argentina&state=Buenos%20Aires&city=Navarro	1964
https://nominatim.openstreetmap.org/search?country=Argentina&state=Buenos%20Aires&city=Laprida	1969
https://nominatim.openstreetmap.org/search?country=Argentina&state=Buenos%20Aires&city=Carlos%20Casares	1971
https://nominatim.openstreetmap.org/search?country=Argentina&state=Buenos%20Aires&city=Pehuajo	1972
https://nominatim.openstreetmap.org/search?country=Argentina&state=Buenos%20Aires&city=Rivadavia	1975
https://nominatim.openstreetmap.org/search?country=Argentina&state=Buenos%20Aires&city=Rivadavia	1979
https://nominatim.openstreetmap.org/search?country=Argentina&state=Buenos%20Aires&city=Tandil	1987
https://nominatim.openstreetmap.org/search?country=Argentina&state=Buenos%20Aires&city=Carlos%20Tejedor	1992
https://nominatim.openstreetmap.org/search?country=Argentina&state=Buenos%20Aires&city=Tandil	1999
https://nominatim.openstreetmap.org/search?country=Argentina&state=Buenos%20Aires&city=Salliquelo	2000
https://nominatim.openstreetmap.org/search?country=Argentina&state=Buenos%20Aires&city=Pehuajo	2005
https://nominatim.openstreetmap.org/search?country=Argentina&state=Buenos%20Aires&city=Las%20Flores	2012
https://nominatim.openstreetmap.org/search?country=Argentina&state=Buenos%20Aires&city=Juarez	2014
https://nominatim.openstreetmap.org/search?country=Argentina&state=Buenos%20Aires&city=Henderson	2015
https://nominatim.openstreetmap.org/search?country=Argentina&state=Buenos%20Aires&city=Benito%20Juarez	2019
https://nominatim.openstreetmap.org/search?country=Argentina&state=Buenos%20Aires&city=Tandil	2020
https://nominatim.openstreetmap.org/search?country=Argentina&state=Buenos%20Aires&city=Tandil	2026
https://nominatim.openstreetmap.org/search?country=Argentina&state=Buenos%20Aires&city=Tandil	2027
https://nominatim.openstreetmap.org/search?country=Argentina&state=Buenos%20Aires&city=Pehuajo	2042
https://nominatim.openstreetmap.org/search?country=Argentina&state=Buenos%20Aires&city=Tres%20Arroyos	2055
https://nominatim.openstreetmap.org/search?country=Argentina&state=Buenos%20Aires&city=Coronel%20Dorrego	2057
https://nominatim.openstreetmap.org/search?country=Argentina&state=Buenos%20Aires&city=Bahia%20Blanca	2059
https://nominatim.openstreetmap.org/search?country=Argentina&state=Buenos%20Aires&city=Medanos	2061
https://nominatim.openstreetmap.org/search?country=Argentina&state=Buenos%20Aires&city=Bahia%20Blanca	2064
https://nominatim.openstreetmap.org/search?country=Argentina&state=Buenos%20Aires&city=Tres%20Arroyos	2066
https://nominatim.openstreetmap.org/search?country=Argentina&state=Buenos%20Aires&city=Bahia%20Blanca	2074
https://nominatim.openstreetmap.org/search?country=Argentina&state=Buenos%20Aires&city=Bahia%20Blanca	2077
https://nominatim.openstreetmap.org/search?country=Argentina&state=Buenos%20Aires&city=Villa%20Iris	2085
https://nominatim.openstreetmap.org/search?country=Argentina&state=Buenos%20Aires&city=Barrio%20Parque%20Patagonia	2088
https://nominatim.openstreetmap.org/search?country=Argentina&state=Buenos%20Aires&city=Bahia%20Blanca	2094
https://nominatim.openstreetmap.org/search?country=Argentina&state=Buenos%20Aires&city=Carmen%20De%20Patagones	2096
https://nominatim.openstreetmap.org/search?country=Argentina&state=Buenos%20Aires&city=Bahia%20Blanca	2107
https://nominatim.openstreetmap.org/search?country=Argentina&state=Buenos%20Aires&city=Coronel%20Suarez	2110
https://nominatim.openstreetmap.org/search?country=Argentina&state=Buenos%20Aires&city=Bahia%20Blanca	2128
https://nominatim.openstreetmap.org/search?country=Argentina&state=Buenos%20Aires&city=Tres%20Arroyos	2162
https://nominatim.openstreetmap.org/search?country=Argentina&state=Buenos%20Aires&city=Bahia%20Blanca	2168
https://nominatim.openstreetmap.org/search?country=Argentina&state=Buenos%20Aires&city=Carmen%20De%20Patagones	2182
https://nominatim.openstreetmap.org/search?country=Argentina&state=Buenos%20Aires&city=S.de%20La%20Ventana	2199
https://nominatim.openstreetmap.org/search?country=Argentina&state=Buenos%20Aires&city=Gral.daniel%20Cerri	2215
https://nominatim.openstreetmap.org/search?country=Argentina&state=Buenos%20Aires&city=Coronel%20Dorrego	2223
https://nominatim.openstreetmap.org/search?country=Argentina&state=Buenos%20Aires&city=Darragueira	2230
https://nominatim.openstreetmap.org/search?country=Argentina&state=Buenos%20Aires&city=San%20Clem.%20Del%20Tuyu	2237
https://nominatim.openstreetmap.org/search?country=Argentina&state=Buenos%20Aires&city=Mar%20Del%20Plata	2240
https://nominatim.openstreetmap.org/search?country=Argentina&state=Buenos%20Aires&city=Mar%20Del%20Plata	2242
https://nominatim.openstreetmap.org/search?country=Argentina&state=Buenos%20Aires&city=Mar%20Del%20Plata	2247
https://nominatim.openstreetmap.org/search?country=Argentina&state=Buenos%20Aires&city=Mar%20Del%20Plata	2250
https://nominatim.openstreetmap.org/search?country=Argentina&state=Buenos%20Aires&city=Quequen	2252
https://nominatim.openstreetmap.org/search?country=Argentina&state=Buenos%20Aires&city=Balcarce	2264
https://nominatim.openstreetmap.org/search?country=Argentina&state=Buenos%20Aires&city=San%20Clem.%20Del%20Tuyu	2268
https://nominatim.openstreetmap.org/search?country=Argentina&state=Buenos%20Aires&city=Mar%20De%20Ajo	2269
https://nominatim.openstreetmap.org/search?country=Argentina&state=Buenos%20Aires&city=Mar%20Del%20Plata	2271
https://nominatim.openstreetmap.org/search?country=Argentina&state=Buenos%20Aires&city=Mar%20Del%20Plata	2274
https://nominatim.openstreetmap.org/search?country=Argentina&state=Buenos%20Aires&city=Mar%20Del%20Plata	2290
https://nominatim.openstreetmap.org/search?country=Argentina&state=Buenos%20Aires&city=Balcarce	2306
https://nominatim.openstreetmap.org/search?country=Argentina&state=Buenos%20Aires&city=La%20Plata	2313
https://nominatim.openstreetmap.org/search?country=Argentina&state=Buenos%20Aires&city=Villa%20Del%20Plata	2317
https://nominatim.openstreetmap.org/search?country=Argentina&state=Buenos%20Aires&city=Manuel%20B.gonnet	2333
https://nominatim.openstreetmap.org/search?country=Argentina&state=Buenos%20Aires&city=Tolosa	2361
https://nominatim.openstreetmap.org/search?country=Argentina&state=Buenos%20Aires&city=Carlos%20Tejedor	2365
https://nominatim.openstreetmap.org/search?country=Argentina&state=Buenos%20Aires&city=La%20Plata	2371
https://nominatim.openstreetmap.org/search?country=Argentina&state=Buenos%20Aires&city=Manuel%20B.gonnet	2379
https://nominatim.openstreetmap.org/search?country=Argentina&state=Buenos%20Aires&city=La%20Plata	2386
https://nominatim.openstreetmap.org/search?country=Argentina&state=Buenos%20Aires&city=Manuel%20B.gonnet	2394
https://nominatim.openstreetmap.org/search?country=Argentina&state=Buenos%20Aires&city=Coronel%20Brandsen	2401
https://nominatim.openstreetmap.org/search?country=Argentina&state=Buenos%20Aires&city=Balneario%20Punta%20Lara	2404
https://nominatim.openstreetmap.org/search?country=Argentina&state=Buenos%20Aires&city=Manuel%20B.gonnet	2409
https://nominatim.openstreetmap.org/search?country=Argentina&state=Buenos%20Aires&city=Chascomus	2423
https://nominatim.openstreetmap.org/search?country=Argentina&state=Buenos%20Aires&city=Henderson	2424
https://nominatim.openstreetmap.org/search?country=Argentina&state=Buenos%20Aires&city=Magdalena	2433
https://nominatim.openstreetmap.org/search?country=Argentina&state=Buenos%20Aires&city=Villa%20Elisa	2436
https://nominatim.openstreetmap.org/search?country=Argentina&state=Buenos%20Aires&city=Tolosa	2439
https://nominatim.openstreetmap.org/search?country=Argentina&state=Buenos%20Aires&city=La%20Plata	2455
https://nominatim.openstreetmap.org/search?country=Argentina&state=Buenos%20Aires&city=Ringuelet	2465
https://nominatim.openstreetmap.org/search?country=Argentina&state=Buenos%20Aires&city=Ringuelet	2468
https://nominatim.openstreetmap.org/search?country=Argentina&state=Buenos%20Aires&city=Coronel%20Brandsen	2470
https://nominatim.openstreetmap.org/search?country=Argentina&state=Buenos%20Aires&city=Lezama-manuel%20J.cobo	2474
https://nominatim.openstreetmap.org/search?country=Argentina&state=Buenos%20Aires&city=Tolosa	2480
https://nominatim.openstreetmap.org/search?country=Argentina&state=Buenos%20Aires&city=La%20Plata	2487
https://nominatim.openstreetmap.org/search?country=Argentina&state=Buenos%20Aires&city=La%20Plata	2492
https://nominatim.openstreetmap.org/search?country=Argentina&state=Buenos%20Aires&city=Coronel%20Brandsen	2505
https://nominatim.openstreetmap.org/search?country=Argentina&state=Buenos%20Aires&city=Carmen%20De%20Areco	2510
https://nominatim.openstreetmap.org/search?country=Argentina&state=Buenos%20Aires&city=Chascomus	2532
https://nominatim.openstreetmap.org/search?country=Argentina&state=Buenos%20Aires&city=Coronel%20Brandsen	2551
https://nominatim.openstreetmap.org/search?country=Argentina&state=Buenos%20Aires&city=Magdalena	2554
https://nominatim.openstreetmap.org/search?country=Argentina&state=Buenos%20Aires&city=Arana	2559
https://nominatim.openstreetmap.org/search?country=Argentina&state=Buenos%20Aires&city=Villa%20Elisa	2583
https://nominatim.openstreetmap.org/search?country=Argentina&state=Buenos%20Aires&city=Arturo%20Segu	2584
https://nominatim.openstreetmap.org/search?country=Argentina&state=Buenos%20Aires&city=Pila	2610
https://nominatim.openstreetmap.org/search?country=Argentina&state=Buenos%20Aires&city=Coronel%20Brandsen	2621
https://nominatim.openstreetmap.org/search?country=Argentina&state=Buenos%20Aires&city=Quilmes	2664
https://nominatim.openstreetmap.org/search?country=Argentina&state=Buenos%20Aires&city=Cauelas	2680
https://nominatim.openstreetmap.org/search?country=Argentina&state=Buenos%20Aires&city=Avellaneda	2709
https://nominatim.openstreetmap.org/search?country=Argentina&state=Buenos%20Aires&city=Lanus	2732
https://nominatim.openstreetmap.org/search?country=Argentina&state=Buenos%20Aires&city=Monte%20Grande	2743
https://nominatim.openstreetmap.org/search?country=Argentina&state=Buenos%20Aires&city=Adrogu	2762
https://nominatim.openstreetmap.org/search?country=Argentina&state=Buenos%20Aires&city=4%20De%20Noviembre	2766
https://nominatim.openstreetmap.org/search?country=Argentina&state=Buenos%20Aires&city=Jos%20Marmol	2777
https://nominatim.openstreetmap.org/search?country=Argentina&state=Buenos%20Aires&city=Temperley	2786
https://nominatim.openstreetmap.org/search?country=Argentina&state=Buenos%20Aires&city=Valentin%20Alsina	2787
https://nominatim.openstreetmap.org/search?country=Argentina&state=Buenos%20Aires&city=Moron	2798
https://nominatim.openstreetmap.org/search?country=Argentina&state=Buenos%20Aires&city=Moron	2799
https://nominatim.openstreetmap.org/search?country=Argentina&state=Buenos%20Aires&city=Ciudadela	2800
https://nominatim.openstreetmap.org/search?country=Argentina&state=Buenos%20Aires&city=Ituzaingo	2810
https://nominatim.openstreetmap.org/search?country=Argentina&state=Buenos%20Aires&city=San%20Justo	2812
https://nominatim.openstreetmap.org/search?country=Argentina&state=Buenos%20Aires&city=Gonzalez%20Catan	2820
https://nominatim.openstreetmap.org/search?country=Argentina&state=Buenos%20Aires&city=Haedo%20Mariano%20J	2823
https://nominatim.openstreetmap.org/search?country=Argentina&state=Buenos%20Aires&city=Haedo%20Mariano%20J	2841
https://nominatim.openstreetmap.org/search?country=Argentina&state=Buenos%20Aires&city=Moron	2845
https://nominatim.openstreetmap.org/search?country=Argentina&state=Buenos%20Aires&city=Tablada	2854
https://nominatim.openstreetmap.org/search?country=Argentina&state=Buenos%20Aires&city=Villa%20Luzuriaga	2857
https://nominatim.openstreetmap.org/search?country=Argentina&state=Buenos%20Aires&city=Ramos%20Mejia	2865
https://nominatim.openstreetmap.org/search?country=Argentina&state=Buenos%20Aires&city=Castelar	2867
https://nominatim.openstreetmap.org/search?country=Argentina&state=Buenos%20Aires&city=Santos%20Tesei%20(Oeste)	2868
https://nominatim.openstreetmap.org/search?country=Argentina&state=Buenos%20Aires&city=Marcos%20Paz	2878
https://nominatim.openstreetmap.org/search?country=Argentina&state=Buenos%20Aires&city=Ciudad%20Evita	2885
https://nominatim.openstreetmap.org/search?country=Argentina&state=Buenos%20Aires&city=Moron	2887
https://nominatim.openstreetmap.org/search?country=Argentina&state=Buenos%20Aires&city=Gonzalez%20Catan	2888
https://nominatim.openstreetmap.org/search?country=Argentina&state=Buenos%20Aires&city=Villa%20Luzuriaga	2890
https://nominatim.openstreetmap.org/search?country=Argentina&state=Buenos%20Aires&city=Martin%20Coronado	2897
https://nominatim.openstreetmap.org/search?country=Argentina&state=Buenos%20Aires&city=Ituzaingo	2898
https://nominatim.openstreetmap.org/search?country=Argentina&state=Buenos%20Aires&city=Tapiales	2899
https://nominatim.openstreetmap.org/search?country=Argentina&state=Buenos%20Aires&city=Castelar	2922
https://nominatim.openstreetmap.org/search?country=Argentina&state=Buenos%20Aires&city=Capital%20Federal	2923
https://nominatim.openstreetmap.org/search?country=Argentina&state=Buenos%20Aires&city=Moron	2931
https://nominatim.openstreetmap.org/search?country=Argentina&state=Buenos%20Aires&city=Villa%20Maipu	2957
https://nominatim.openstreetmap.org/search?country=Argentina&state=Buenos%20Aires&city=Capital%20Federal	2976
https://nominatim.openstreetmap.org/search?country=Argentina&state=Buenos%20Aires&city=Capital%20Federal	2987
https://nominatim.openstreetmap.org/search?country=Argentina&state=Buenos%20Aires&city=Capital%20Federal	2992
https://nominatim.openstreetmap.org/search?country=Argentina&state=Buenos%20Aires&city=Jose%20Leon%20Suarez	2993
https://nominatim.openstreetmap.org/search?country=Argentina&state=Buenos%20Aires&city=Villa%20Bosch	2996
https://nominatim.openstreetmap.org/search?country=Argentina&state=Buenos%20Aires&city=Villa%20Ballester	2997
https://nominatim.openstreetmap.org/search?country=Argentina&state=Buenos%20Aires&city=Muiz	3000
https://nominatim.openstreetmap.org/search?country=Argentina&state=Buenos%20Aires&city=San%20Martn	3003
https://nominatim.openstreetmap.org/search?country=Argentina&state=Buenos%20Aires&city=Bella%20Vista	3005
https://nominatim.openstreetmap.org/search?country=Argentina&state=Buenos%20Aires&city=Parada%20Robles	3008
https://nominatim.openstreetmap.org/search?country=Argentina&state=Buenos%20Aires&city=Pilar	3010
https://nominatim.openstreetmap.org/search?country=Argentina&state=Buenos%20Aires&city=San%20Miguel	3022
https://nominatim.openstreetmap.org/search?country=Argentina&state=Buenos%20Aires&city=Bella%20Vista	3026
https://nominatim.openstreetmap.org/search?country=Argentina&state=Buenos%20Aires&city=Caseros	3029
https://nominatim.openstreetmap.org/search?country=Argentina&state=Buenos%20Aires&city=Olivos	3061
https://nominatim.openstreetmap.org/search?country=Argentina&state=Buenos%20Aires&city=Villa%20Rosa	3064
https://nominatim.openstreetmap.org/search?country=Argentina&state=Buenos%20Aires&city=Olivos	3096
https://nominatim.openstreetmap.org/search?country=Argentina&state=Buenos%20Aires&city=Capital%20Federal	3099
https://nominatim.openstreetmap.org/search?country=Argentina&state=Buenos%20Aires&city=Capital%20Federal	3101
https://nominatim.openstreetmap.org/search?country=Argentina&state=Buenos%20Aires&city=Vicente%20Lopez	3136
https://nominatim.openstreetmap.org/search?country=Argentina&state=Buenos%20Aires&city=Beccar	3141
